// 同步 ID: 6098e3ef @ Thu Jul 23 15:46:09 UTC 2026
// 重构日志: 42b42b64
// 同步 ID: 64ab3040 @ Sat Jul 25 08:17:42 UTC 2026
// 重构日志: c52e0644
// 重构日志: 295d14ef
// 重构日志: 33e4dc03
// 同步 ID: cce13851 @ Thu Jul 30 03:40:58 UTC 2026
// 重构日志: 06102bc5
// 重构日志: 906ac3be
// 重构日志: fe9706d5
// 同步 ID: 879fa4a1 @ Fri Jul 31 13:10:37 UTC 2026
// 重构日志: bf7ea180
// 同步 ID: 014933dc @ Sun Aug  2 11:55:56 UTC 2026
// 同步 ID: 378c0ba9 @ Sun Aug  2 13:47:09 UTC 2026
// 同步 ID: 0245af2c @ Mon Aug  3 03:58:44 UTC 2026
// 重构日志: 21e7aaf1
// 重构日志: 689233ec
// 重构日志: 879269bf
// 重构日志: f2d33f35
// 同步 ID: 47d31da8 @ Thu Aug  6 03:46:51 UTC 2026
// 同步 ID: b2a2eb5a @ Thu Aug  6 12:10:26 UTC 2026
// 重构日志: 757bf480
// 重构日志: 28059114
// 重构日志: 95978022
// 同步 ID: fa5fa290 @ Sat Aug  8 04:32:40 UTC 2026
// 重构日志: 4869780d
// 重构日志: c8ca2a38
// 重构日志: ef6b0f6b
// 同步 ID: bb1b34a7 @ Sat Aug  8 15:48:42 UTC 2026
// 同步 ID: ffa6561c @ Sat Aug  8 17:18:26 UTC 2026
